ifconfig
ipconfig
ifconfig
pwd
exit
sudo
apt install git
cat/etc/os-release
apt install git
cytytroot
hdh
ls
cd star
git branch -a
star git init
git init
ls -la
git branch -a
vi class1.yml
cat class1.yml
git add class1.yml
git add commit -m "changes done for wsl"
git commit -m "changes for class1"
git config --global user.email "class@example.com"
git commit -m "changes done for class1"
ls
git branch -a
git branch version
git log --oneline master
git log --oneline version
git checkout version
vi class1.yml
cat class1.yml
git add class1.yml
git commit -m " this is related to merge"
git log --oneline version
git log --oneline master
git status
git checkout master
git merge version
git status 
git log --oneline master
ls
git merge version
vi class1.yml
cat class1.yml
ls
git add class1.yml
git commit -m "conflict check for version"
git status
git checkput master
git checkout master
git checkout version
ls
vi class1.yml
git status
git add class1.yml
git commit -m "conflict check for master"
git status
git checkout version
gitcheckout master
git checkout master
git merge class1.yml
git merge version
ls
git status
vi demo.yml
git rm demo.yml
ls
rm deemo.yml
rm demo.yml
ls
vi class1.yml
cat class1.yml
git add class1.yml
git commit -m " to resolve the conflict merge"
git status
git push origin master
git remote -v
ssh-keygen
cat /home/sahana/.ssh/id_rsa.pub 
git push origin master
git remote -v
git push origin git@github.com:vukanti/git-tuts.git 
git remote add origin git@github.com:vukanti/sample1234.git 
git remote -v
git push origin master
git status
git push origin master
git remote add origin git@github.com:vukanti/star.git 
git remote -v
git remove remote origin
git remote remove origin
git remote -v
git remote add origin git@github.com:vukanti/star.git 
git remote -v
git remote add origin git@github.com:vukanti/star.git 
git push origin master
git status
clear
ls
cd ..
ls
cd star
vi demo.yml
cat demo.yml
git status
git add demo.yml
git -m commit " demo1.yml of wsl"
git commit -m "demo1.yml of wsl"
git status
git push origin master
cd..
c
cd ..
ls
mkdir sample123
cd sample123
ls
rm -rf path/to/directory
rm -rf path/to/directory sample123
cd..
cd ..
ls
rm -rf path/to/directory sample123 
ls
git clone git@github.com:vukanti/sample1234.git
ls
cd sample1234
ls
rm git-tuts
rm -rf path/to/directory git-tuts
ls
git status
git add git-tuts
git commit -m "deleting as it a directory"
git status
git push origin master
git log --oneline
ls
ls demo1.yml
vi demo1.yml
cat demo1.yml
git add demo1.yml
git commit -m "WSL user"
git push origin master
git status
cd sample1234
ls
cat demo1.yml
git status
git remote -v
git push origin master
git log --oneline
cd sample123
cd sample1234
cd ..
git clone git clone git@github.com:vukanti/sample1234.git 
git clone git@github.com:vukanti/sample1234.git 
cd demo.yml
ls
cd sample1234
ls
vi demo1.yml
vi demo.yml
vi demo1.yml
git log --oneline
clear
cd star
cd ..
cd star
ls
vi class1.yml
cat class1.yml
git status
git add class1.yml
git commit -m "central conflict"
git status
git log --oneline
git push origin master
rm -rf path/to/directory star
ls
git status
git init
cd star
git add star
git remote -v
git add remote origin https://github.com/vukanti/star.git 
git remote add origin https://github.com/vukanti/star.git 
git remote -v
git clone https://github.com/vukanti/star.git 
ls
cd star
ls
git log --oneline
vi demo1.yml
cat demo1.yml
rm demo1.yml
ls
git log --oneline
vi demo1.yml
git revert demo1.yml
ls
rm demo1.yml
ls
git log --oneline
cat demo.yml
git status
vi demo.yml
git add demo.yml
git commit -m "changes by wsl user"
git status
git remote -v
git push origin master
git pull origin master
vi demo.yml
git ls-la
ls -la
cat demo.yml
git pull origin master
git config --global user.name "demo.user"
git config --global user.email "demo.example.com"
git pull origin master
git status
git log --oneline
vi demo.yml
git pull origin master
git status 
git fetch
git status
git pull origin master
git remote -v
git remote remove origin
git remote -v
ssh-keygen
cat /home/sahana/.ssh/id_rsa 
cat /home/sahana/.ssh/id_rsa.pub 
git remote -v
git add remote origin
git remote add origin
git remote add origin git@github.com:vukanti/star.git 
git remote -v
git log --oneline
git status
git push origin master
git pull origin master
git remote -v
git config pull.rebase false   
git pull origin master
vi demo.yml
git show 5d638276df9b1912f9ae46c3be6d7f1316ee95b4
vi demo.yml
cat demo.yml
git status
git add demo.yml
git commit -m "central conflict solved"
git status
git push origin master
ls
vi star
cd star
ls
git status
vi demo.yml
git status
git stash
git status
ls
git stash list
git show stash@{0}
ls
star
cd star
ls
vi demo.yml
cat demo.yml
git status
git stash
git status
git stash list
git show stash@{0}
git show stash@{1} 
ls
git status
ls
vi class1.yml
git status
git stash
git stash list
ls
git stash list
cd star
git stash list
git status
git stash stash@{0} 
git show stash@{0} 
ls
git status
git stash pop --index stash@{0} 
git stash
git stash list
git stash pop --index stash@{0} 
git stash list
git status
git add class1.yml
git commit -m "changes for examples of stash"
git status
ls
vi class1.yml
vi demo.yml
git status
git add class1.yml demo.yml
git commit -m "class1"
git status
git log --oneline
git push origin master
git commit --amend -m " new commit"
git push origin master
git pull origin master
ls
git log --oneline
git pull origin master
git push origin master
git branch -a
git branch version
git branch -a
git pull origin
git origin -d version
git push origin -d version
git remote -v
git checkout master
git checkout version
git branch -a
git checkout master
git push origin -d version
ls
cd star
ls
git branch -a
git pull origin
git branch -a
git push origin -d version
git checkout master
git branch -D version 
git branch
git branch -a
git branch version
git branch -a
git checkout version
git log --oneline
git add
git add version
git add .
git commit -m "version"
git push origin version
git checkout master
git branch -d version
git branch
git add .
git commit -m "deleting branch version"
git push origin version
git push origin --delete version
git remote -v
git push origin -d version
git push origin --delete version
git branch
git help -a
ls
vi demo.yml
git status
git add demo.yml
git commit -m "new changes"
git push origin master
git remote -a
git branch -a
git fetch origin master
ls
git fetch origin git@github.com:vukanti/git-tuts.git 
git remote -v
git fetch origin master git@github.com:vukanti/git-tuts.git 
cd ..
git fetch origin master git@github.com:vukanti/git-tuts.git 
cd star
git fetch origin master
ls
git clone git@github.com:vukanti/freeCodeCamp.git 
ls
git rm path/to/directory freecodecamp
rm -rf path/to/directory freecodecamp
ls
cd freecodecamp
cd freeCodeCamp  
ls
rm -r path/to/directory 
rm -r freeCodeCamp  
rm -r https://github.com/vukanti/freeCodeCamp 
git ls-tree
pwd
rm -r freeCodeCamp 
cd ..
rm -r freeCodeCamp 
rm -rf freeCodeCamp 
ls
git add .
ls
git status
ls
git add -u
git commit "removing forkdirectory"
git status
git commit -m "removing fork directory"
git status
cd sample1234
ls
git add -u
git commit -m "changes in sample"
git status
git push origin master
ls
cd ..
ls
git status
git add -u
git commit -m "removing fork directory"
ls
git status
git push origin master
ls
cd freeCodeCamp  
git clone https://github.com/vukanti/freeCodeCamp.git 
rm -rf freeCodeCamp 
git add -u
git commit -m "removing fork directory"
git status
git push origin master
git pull origin master
git push origin master
git pull origin https://github.com/vukanti/freeCodeCamp.git 
git pull origin git@github.com:vukanti/freeCodeCamp.git 
git pull origin https://github.com/vukanti/freeCodeCamp.git 
git rm -rf freeCodeCamp 
ls
git status
git push origin master
git pull origin https://github.com/vukanti/freeCodeCamp.git 
git pull origin master
git push origin master
git pull origin master
git pull origin https://github.com/vukanti/freeCodeCamp.git 
git push origin master
git pull origin main
git status
ls
git push origin master
git status
git checkout main
git push origin master
git pull origin master
git push origin master
git pull origin master
ls
git pull origin master --allow-unrelated-histories
git push origin master
git status
git log --oneline
git push origin master
To run a command as administrator (user "root"), use "sudo <command>".
See "man sudo_root" for details.
sahana@LAPTOP-CPLAJ9FT:~$ ls
sample1234  star
sahana@LAPTOP-CPLAJ9FT:~$ git clone git@github.com:vukanti/freeCodeCamp.git
Cloning into 'freeCodeCamp'...
remote: Enumerating objects: 543467, done.
remote: Counting objects: 100% (23762/23762), done.
remote: Compressing objects: 100% (825/825), done.
remote: Total 543467 (delta 23272), reused 22951 (delta 22937), pack-reused 519705
Receiving objects: 100% (543467/543467), 428.66 MiB | 3.78 MiB/s, done.
Resolving deltas: 100% (382123/382123), done.
Updating files: 100% (87443/87443), done.
sahana@LAPTOP-CPLAJ9FT:~$ ls
freeCodeCamp  sample1234  star
sahana@LAPTOP-CPLAJ9FT:~$ git rm path/to/directory freecodecamp
fatal: pathspec 'path/to/directory' did not match any files
sahana@LAPTOP-CPLAJ9FT:~$ rm -rf path/to/directory freecodecamp
sahana@LAPTOP-CPLAJ9FT:~$ ls
freeCodeCamp  sample1234  star
sahana@LAPTOP-CPLAJ9FT:~$ cd freecodecamp
bash: cd: freecodecamp: No such file or directory
sahana@LAPTOP-CPLAJ9FT:~$ cd freeCodeCamp
sahana@LAPTOP-CPLAJ9FT:~/freeCodeCamp$ ls
CODE_OF_CONDUCT.md  babel.config.js     cypress-install.sh  jest.setup.js                pnpm-lock.yaml       tsconfig-base.json
CONTRIBUTING.md     client              cypress.config.js   jest.transform.js            pnpm-workspace.yaml  tsconfig.json
LICENSE.md          curriculum          docker              knip.jsonc                   renovate.json        web
README.md           curriculum-server   docker-compose.yml  package.json                 sample.env
api                 cypress             e2e                 playwright-mobile.config.ts  shared
api-server          cypress-install.js  jest.config.js      playwright.config.ts         tools
sahana@LAPTOP-CPLAJ9FT:~/freeCodeCamp$ rm -r path/to/directory
rm: cannot remove 'path/to/directory': No such file or directory
sahana@LAPTOP-CPLAJ9FT:~/freeCodeCamp$ rm -r freeCodeCamp
rm: cannot remove 'freeCodeCamp': No such file or directory
sahana@LAPTOP-CPLAJ9FT:~/freeCodeCamp$ rm -r https://github.com/vukanti/freeCodeCamp
rm: cannot remove 'https://github.com/vukanti/freeCodeCamp': No such file or directory
sahana@LAPTOP-CPLAJ9FT:~/freeCodeCamp$ git ls-tree
usage: git ls-tree [<options>] <tree-ish> [<path>...]
sahana@LAPTOP-CPLAJ9FT:~/freeCodeCamp$ pwd
/home/sahana/freeCodeCamp
sahana@LAPTOP-CPLAJ9FT:~/freeCodeCamp$ rm -r freeCodeCamp
rm: cannot remove 'freeCodeCamp': No such file or directory
sahana@LAPTOP-CPLAJ9FT:~/freeCodeCamp$ cd ..
sahana@LAPTOP-CPLAJ9FT:~$ rm -r freeCodeCamp
rm: remove write-protected regular file 'freeCodeCamp/.git/objects/pack/pack-61b18292e508a54d28117ea1e21d423a7fac9814.pack'?
rm: remove write-protected regular file 'freeCodeCamp/.git/objects/pack/pack-61b18292e508a54d28117ea1e21d423a7fac9814.idx'?
rm: cannot remove 'freeCodeCamp/.git/objects/pack': Directory not empty
sahana@LAPTOP-CPLAJ9FT:~$ rm -rf freeCodeCamp
sahana@LAPTOP-CPLAJ9FT:~$ ls
sample1234  star
sahana@LAPTOP-CPLAJ9FT:~$ git add .
warning: adding embedded git repository: sample1234
hint: You've added another git repository inside your current repository.
hint: Clones of the outer repository will not contain the contents of
hint: the embedded repository and will not know how to obtain it.
hint: If you meant to add a submodule, use:
hint:
hint:   git submodule add <url> sample1234
hint:
hint: If you added this path by mistake, you can remove it from the
hint: index with:
hint:
hint:   git rm --cached sample1234
hint:
hint: See "git help submodule" for more information.
warning: adding embedded git repository: star
sahana@LAPTOP-CPLAJ9FT:~$ ls
sample1234  star
sahana@LAPTOP-CPLAJ9FT:~$ git status
On branch master

No commits yet

Changes to be committed:
  (use "git rm --cached <file>..." to unstage)
        new file:   .Xauthority
        new file:   .bash_history
        new file:   .bash_logout
        new file:   .bashrc
        new file:   .cache/motd.legal-displayed
        new file:   .gitconfig
        new file:   .lesshst
        new file:   .motd_shown
        new file:   .profile
        new file:   .ssh/id_rsa
        new file:   .ssh/id_rsa.pub
        new file:   .ssh/known_hosts
        new file:   .ssh/known_hosts.old
        new file:   .vim/.netrwhist
        new file:   .viminfo
        new file:   sample1234
        new file:   star

Changes not staged for commit:
  (use "git add <file>..." to update what will be committed)
  (use "git restore <file>..." to discard changes in working directory)
  (commit or discard the untracked or modified content in submodules)
        modified:   sample1234 (modified content)

sahana@LAPTOP-CPLAJ9FT:~$ ls
sample1234  star
sahana@LAPTOP-CPLAJ9FT:~$ git add -u
sahana@LAPTOP-CPLAJ9FT:~$ git commit "removing forkdirectory"
error: pathspec 'removing forkdirectory' did not match any file(s) known to git
sahana@LAPTOP-CPLAJ9FT:~$ git status
On branch master

No commits yet

Changes to be committed:
  (use "git rm --cached <file>..." to unstage)
        new file:   .Xauthority
        new file:   .bash_history
        new file:   .bash_logout
        new file:   .bashrc
        new file:   .cache/motd.legal-displayed
        new file:   .gitconfig
        new file:   .lesshst
        new file:   .motd_shown
        new file:   .profile
        new file:   .ssh/id_rsa
        new file:   .ssh/id_rsa.pub
        new file:   .ssh/known_hosts
        new file:   .ssh/known_hosts.old
        new file:   .vim/.netrwhist
        new file:   .viminfo
        new file:   sample1234
        new file:   star

Changes not staged for commit:
  (use "git add <file>..." to update what will be committed)
  (use "git restore <file>..." to discard changes in working directory)
  (commit or discard the untracked or modified content in submodules)
        modified:   sample1234 (modified content)

sahana@LAPTOP-CPLAJ9FT:~$ git commit -m "removing fork directory"
[master (root-commit) 8d10336] removing fork directory
 17 files changed, 905 insertions(+)
 create mode 100644 .Xauthority
 create mode 100644 .bash_history
 create mode 100644 .bash_logout
 create mode 100644 .bashrc
 create mode 100644 .cache/motd.legal-displayed
 create mode 100644 .gitconfig
 create mode 100644 .lesshst
 create mode 100644 .motd_shown
 create mode 100644 .profile
 create mode 100644 .ssh/id_rsa
 create mode 100644 .ssh/id_rsa.pub
 create mode 100644 .ssh/known_hosts
 create mode 100644 .ssh/known_hosts.old
 create mode 100644 .vim/.netrwhist
 create mode 100644 .viminfo
 create mode 160000 sample1234
 create mode 160000 star
sahana@LAPTOP-CPLAJ9FT:~$ git status
On branch master
Changes not staged for commit:
  (use "git add <file>..." to update what will be committed)
  (use "git restore <file>..." to discard changes in working directory)
  (commit or discard the untracked or modified content in submodules)
        modified:   sample1234 (modified content)

no changes added to commit (use "git add" and/or "git commit -a")
sahana@LAPTOP-CPLAJ9FT:~$ cd sample1234
sahana@LAPTOP-CPLAJ9FT:~/sample1234$ ls
demo.yml  demo1.yml
sahana@LAPTOP-CPLAJ9FT:~/sample1234$ git add -u
sahana@LAPTOP-CPLAJ9FT:~/sample1234$ git commit -m "changes in sample"
[master b3420e2] changes in sample
 1 file changed, 1 insertion(+)
sahana@LAPTOP-CPLAJ9FT:~/sample1234$ git status
On branch master
Your branch is ahead of 'origin/master' by 1 commit.
  (use "git push" to publish your local commits)

nothing to commit, working tree clean
sahana@LAPTOP-CPLAJ9FT:~/sample1234$ git push origin master
Enumerating objects: 5, done.
Counting objects: 100% (5/5), done.
Delta compression using up to 2 threads
Compressing objects: 100% (3/3), done.
Writing objects: 100% (3/3), 275 bytes | 275.00 KiB/s, done.
Total 3 (delta 2), reused 0 (delta 0), pack-reused 0
remote: Resolving deltas: 100% (2/2), completed with 2 local objects.
To github.com:vukanti/sample1234.git
   bfea0ad..b3420e2  master -> master
sahana@LAPTOP-CPLAJ9FT:~/sample1234$ ls
demo.yml  demo1.yml
sahana@LAPTOP-CPLAJ9FT:~/sample1234$ cd ..
sahana@LAPTOP-CPLAJ9FT:~$ ls
sample1234  star
sahana@LAPTOP-CPLAJ9FT:~$ git status
On branch master
Changes not staged for commit:
  (use "git add <file>..." to update what will be committed)
  (use "git restore <file>..." to discard changes in working directory)
        modified:   sample1234 (new commits)

no changes added to commit (use "git add" and/or "git commit -a")
sahana@LAPTOP-CPLAJ9FT:~$ git add -u
sahana@LAPTOP-CPLAJ9FT:~$ git commit -m "removing fork directory"
[master 30abd8e] removing fork directory
 1 file changed, 1 insertion(+), 1 deletion(-)
sahana@LAPTOP-CPLAJ9FT:~$ ls
sample1234  star
sahana@LAPTOP-CPLAJ9FT:~$ git status
On branch master
nothing to commit, working tree clean
sahana@LAPTOP-CPLAJ9FT:~$ git push origin master
Username for 'https://github.com': vukanti
Password for 'https://vukanti@github.com':
To https://github.com/vukanti/star.git
 ! [rejected]        master -> master (fetch first)
error: failed to push some refs to 'https://github.com/vukanti/star.git'
hint: Updates were rejected because the remote contains work that you do
hint: not have locally. This is usually caused by another repository pushing
hint: to the same ref. You may want to first integrate the remote changes
hint: (e.g., 'git pull ...') before pushing again.
hint: See the 'Note about fast-forwards' in 'git push --help' for details.
sahana@LAPTOP-CPLAJ9FT:~$ ls
sample1234  star
sahana@LAPTOP-CPLAJ9FT:~$ cd freeCodeCamp
bash: cd: freeCodeCamp: No such file or directory
sahana@LAPTOP-CPLAJ9FT:~$ git clone https://github.com/vukanti/freeCodeCamp.git
Cloning into 'freeCodeCamp'...
remote: Enumerating objects: 543467, done.
remote: Counting objects: 100% (1508/1508), done.
remote: Compressing objects: 100% (723/723), done.
remote: Total 543467 (delta 933), reused 1157 (delta 746), pack-reused 541959
Receiving objects: 100% (543467/543467), 430.71 MiB | 2.44 MiB/s, done.
Resolving deltas: 100% (382006/382006), done.
Updating files: 100% (87443/87443), done.
sahana@LAPTOP-CPLAJ9FT:~$ rm -rf freeCodeCamp
sahana@LAPTOP-CPLAJ9FT:~$ git add -u
sahana@LAPTOP-CPLAJ9FT:~$ git commit -m "removing fork directory"
On branch master
nothing to commit, working tree clean
sahana@LAPTOP-CPLAJ9FT:~$ git status
On branch master
nothing to commit, working tree clean
sahana@LAPTOP-CPLAJ9FT:~$ git push origin master
Username for 'https://github.com': vukanti
Password for 'https://vukanti@github.com':
To https://github.com/vukanti/star.git
 ! [rejected]        master -> master (fetch first)
error: failed to push some refs to 'https://github.com/vukanti/star.git'
hint: Updates were rejected because the remote contains work that you do
hint: not have locally. This is usually caused by another repository pushing
hint: to the same ref. You may want to first integrate the remote changes
hint: (e.g., 'git pull ...') before pushing again.
hint: See the 'Note about fast-forwards' in 'git push --help' for details.
sahana@LAPTOP-CPLAJ9FT:~$ git pull origin master
remote: Enumerating objects: 42, done.
remote: Counting objects: 100% (42/42), done.
remote: Compressing objects: 100% (27/27), done.
remote: Total 42 (delta 11), reused 40 (delta 9), pack-reused 0
Unpacking objects: 100% (42/42), 3.72 KiB | 84.00 KiB/s, done.
From https://github.com/vukanti/star
 * branch            master     -> FETCH_HEAD
 * [new branch]      master     -> origin/master
hint: You have divergent branches and need to specify how to reconcile them.
hint: You can do so by running one of the following commands sometime before
hint: your next pull:
hint:
hint:   git config pull.rebase false  # merge (the default strategy)
hint:   git config pull.rebase true   # rebase
hint:   git config pull.ff only       # fast-forward only
hint:
hint: You can replace "git config" with "git config --global" to set a default
hint: preference for all repositories. You can also pass --rebase, --no-rebase,
hint: or --ff-only on the command line to override the configured default per
hint: invocation.
fatal: Need to specify how to reconcile divergent branches.
sahana@LAPTOP-CPLAJ9FT:~$  git config pull.rebase false
sahana@LAPTOP-CPLAJ9FT:~$ git push origin master
Username for 'https://github.com': vukanti
Password for 'https://vukanti@github.com':
To https://github.com/vukanti/star.git
 ! [rejected]        master -> master (non-fast-forward)
error: failed to push some refs to 'https://github.com/vukanti/star.git'
hint: Updates were rejected because the tip of your current branch is behind
hint: its remote counterpart. Integrate the remote changes (e.g.
hint: 'git pull ...') before pushing again.
hint: See the 'Note about fast-forwards' in 'git push --help' for details.
sahana@LAPTOP-CPLAJ9FT:~$ git pull origin https://github.com/vukanti/freeCodeCamp.git
fatal: invalid refspec 'https://github.com/vukanti/freeCodeCamp.git'
sahana@LAPTOP-CPLAJ9FT:~$ git pull origin git@github.com:vukanti/freeCodeCamp.git
fatal: couldn't find remote ref git@github.com
sahana@LAPTOP-CPLAJ9FT:~$ git pull origin https://github.com/vukanti/freeCodeCamp.git
fatal: invalid refspec 'https://github.com/vukanti/freeCodeCamp.git'
sahana@LAPTOP-CPLAJ9FT:~$ git rm -rf freeCodeCamp
fatal: pathspec 'freeCodeCamp' did not match any files
sahana@LAPTOP-CPLAJ9FT:~$ ls
sample1234  star
sahana@LAPTOP-CPLAJ9FT:~$ git status
On branch master
nothing to commit, working tree clean
sahana@LAPTOP-CPLAJ9FT:~$ git push origin master
Username for 'https://github.com': vukanti
Password for 'https://vukanti@github.com':
To https://github.com/vukanti/star.git
error: failed to push some refs to 'https://github.com/vukanti/star.git'
hint: Updates were rejected because the tip of your current branch is behind
hint: its remote counterpart. Integrate the remote changes (e.g.
hint: 'git pull ...') before pushing again.
hint: See the 'Note about fast-forwards' in 'git push --help' for details.
sahana@LAPTOP-CPLAJ9FT:~$ git pull origin https://github.com/vukanti/freeCodeCamp.git
fatal: invalid refspec 'https://github.com/vukanti/freeCodeCamp.git'
sahana@LAPTOP-CPLAJ9FT:~$ git pull origin master
From https://github.com/vukanti/star
fatal: refusing to merge unrelated histories
sahana@LAPTOP-CPLAJ9FT:~$ git push origin master
Username for 'https://github.com': vukanti
Password for 'https://vukanti@github.com':
To https://github.com/vukanti/star.git
error: failed to push some refs to 'https://github.com/vukanti/star.git'
hint: Updates were rejected because the tip of your current branch is behind
hint: its remote counterpart. Integrate the remote changes (e.g.
hint: 'git pull ...') before pushing again.
hint: See the 'Note about fast-forwards' in 'git push --help' for details.
sahana@LAPTOP-CPLAJ9FT:~$ git pull origin master
From https://github.com/vukanti/star
fatal: refusing to merge unrelated histories
sahana@LAPTOP-CPLAJ9FT:~$ git pull origin https://github.com/vukanti/freeCodeCamp.git
fatal: invalid refspec 'https://github.com/vukanti/freeCodeCamp.git'
sahana@LAPTOP-CPLAJ9FT:~$ git push origin master
Username for 'https://github.com': vukanti
Password for 'https://vukanti@github.com':
To https://github.com/vukanti/star.git
error: failed to push some refs to 'https://github.com/vukanti/star.git'
hint: Updates were rejected because the tip of your current branch is behind
hint: its remote counterpart. Integrate the remote changes (e.g.
hint: 'git pull ...') before pushing again.
hint: See the 'Note about fast-forwards' in 'git push --help' for details.
sahana@LAPTOP-CPLAJ9FT:~$ git pull origin main
fatal: couldn't find remote ref main
sahana@LAPTOP-CPLAJ9FT:~$ git status
On branch master
nothing to commit, working tree clean
sahana@LAPTOP-CPLAJ9FT:~$ ls
sample1234  star
sahana@LAPTOP-CPLAJ9FT:~$ git push origin master
Username for 'https://github.com': vukanti
Password for 'https://vukanti@github.com':
To https://github.com/vukanti/star.git
 ! [rejected]        master -> master (non-fast-forward)
error: failed to push some refs to 'https://github.com/vukanti/star.git'
hint: Updates were rejected because the tip of your current branch is behind
hint: its remote counterpart. Integrate the remote changes (e.g.
hint: 'git pull ...') before pushing again.
hint: See the 'Note about fast-forwards' in 'git push --help' for details.
sahana@LAPTOP-CPLAJ9FT:~$ git status
On branch master
nothing to commit, working tree clean
sahana@LAPTOP-CPLAJ9FT:~$ git checkout main
error: pathspec 'main' did not match any file(s) known to git
sahana@LAPTOP-CPLAJ9FT:~$ git push origin master
Username for 'https://github.com': vukanti
Password for 'https://vukanti@github.com':
remote: Support for password authentication was removed on August 13, 2021.
remote: Please see https://docs.github.com/get-started/getting-started-with-git/about-remote-repositories#cloning-with-https-urls for information on currently recommended modes of authentication.
fatal: Authentication failed for 'https://github.com/vukanti/star.git/'
sahana@LAPTOP-CPLAJ9FT:~$ git push origin master
Username for 'https://github.com': vukanti
Password for 'https://vukanti@github.com':
To https://github.com/vukanti/star.git
 ! [rejected]        master -> master (non-fast-forward)
error: failed to push some refs to 'https://github.com/vukanti/star.git'
hint: Updates were rejected because the tip of your current branch is behind
hint: its remote counterpart. Integrate the remote changes (e.g.
hint: 'git pull ...') before pushing again.
hint: See the 'Note about fast-forwards' in 'git push --help' for details.
sahana@LAPTOP-CPLAJ9FT:~$ git pull origin master
From https://github.com/vukanti/star
 * branch            master     -> FETCH_HEAD
fatal: refusing to merge unrelated histories
sahana@LAPTOP-CPLAJ9FT:~$ git push origin master
Username for 'https://github.com': vukanti
Password for 'https://vukanti@github.com':
To https://github.com/vukanti/star.git
 ! [rejected]        master -> master (non-fast-forward)
error: failed to push some refs to 'https://github.com/vukanti/star.git'
hint: Updates were rejected because the tip of your current branch is behind
hint: its remote counterpart. Integrate the remote changes (e.g.
hint: 'git pull ...') before pushing again.
hint: See the 'Note about fast-forwards' in 'git push --help' for details.
sahana@LAPTOP-CPLAJ9FT:~$ git push origin master
Username for 'https://github.com': vukanti
Password for 'https://vukanti@github.com':
To https://github.com/vukanti/star.git
 ! [rejected]        master -> master (non-fast-forward)
error: failed to push some refs to 'https://github.com/vukanti/star.git'
hint: Updates were rejected because the tip of your current branch is behind
hint: its remote counterpart. Integrate the remote changes (e.g.
hint: 'git pull ...') before pushing again.
hint: See the 'Note about fast-forwards' in 'git push --help' for details.
sahana@LAPTOP-CPLAJ9FT:~$ git pull origin master
From https://github.com/vukanti/star
 * branch            master     -> FETCH_HEAD
fatal: refusing to merge unrelated histories
sahana@LAPTOP-CPLAJ9FT:~$ ls
sample1234  star
sahana@LAPTOP-CPLAJ9FT:~$ git pull origin master --allow-unrelated-histories
From https://github.com/vukanti/star
 * branch            master     -> FETCH_HEAD
Merge made by the 'ort' strategy.
 class1.yml | 9 +++++++++
 demo.yml   | 9 +++++++++
 2 files changed, 18 insertions(+)
 create mode 100644 class1.yml
 create mode 100644 demo.yml
sahana@LAPTOP-CPLAJ9FT:~$ git push origin master
Username for 'https://github.com': vukanti
Password for 'https://vukanti@github.com':
Enumerating objects: 24, done.
Counting objects: 100% (24/24), done.
Delta compression using up to 2 threads
Compressing objects: 100% (19/19), done.
Writing objects: 100% (23/23), 9.14 KiB | 1.52 MiB/s, done.
Total 23 (delta 3), reused 0 (delta 0), pack-reused 0
remote: Resolving deltas: 100% (3/3), done.
remote: error: GH013: Repository rule violations found for refs/heads/master.
remote:
remote: - GITHUB PUSH PROTECTION
remote:   —————————————————————————————————————————
remote:     Resolve the following violations before pushing again
remote:
remote:     - Push cannot contain secrets
remote:
remote:
remote:      (?) Learn how to resolve a blocked push
remote:      https://docs.github.com/code-security/secret-scanning/pushing-a-branch-blocked-by-push-protection
remote:
remote:
remote:       —— GitHub SSH Private Key ————————————————————————————
remote:        locations:
remote:          - commit: 8d103368cf040d70bb0c00a02cf78232e2c873c3
remote:            path: .ssh/id_rsa:1
remote:
remote:        (?) To push, remove secret from commit(s) or follow this URL to allow the secret.
remote:        https://github.com/vukanti/star/security/secret-scanning/unblock-secret/2hKpTYAtBZZAJp8wU4PXIphOFRW
remote:
remote:
remote:
To https://github.com/vukanti/star.git
 ! [remote rejected] master -> master (push declined due to repository rule violations)
error: failed to push some refs to 'https://github.com/vukanti/star.git'
sahana@LAPTOP-CPLAJ9FT:~$ git status
On branch master
nothing to commit, working tree clean
sahana@LAPTOP-CPLAJ9FT:~$ git log --oneline
33475f4 (HEAD -> master) Merge branch 'master' of https://github.com/vukanti/star
30abd8e removing fork directory
8d10336 removing fork directory
247ac1b (origin/master) new changes
6a43844 Merge branch 'master' of github.com:vukanti/star changes
48c4fd6  new commit
17bec80 class1
256e162 changes for examples of stash
5a6a74d central conflict solved
952e84a changes by wsl user
5d63827 ubuntu changes
9eff448 central conflict
9282f85 demo1.yml of wsl
15f2667  to resolve the conflict merge
0dde076 conflict check for master
eec7d4a conflict check for version
3fa4901  this is related to merge
03bc7de changes done for class1
sahana@LAPTOP-CPLAJ9FT:~$ git push origin master
Username for 'https://github.com': vukanti
Password for 'https://vukanti@github.com':
Enumerating objects: 24, done.
Counting objects: 100% (24/24), done.
Delta compression using up to 2 threads
Compressing objects: 100% (19/19), done.
Writing objects: 100% (23/23), 9.14 KiB | 720.00 KiB/s, done.
Total 23 (delta 3), reused 0 (delta 0), pack-reused 0
remote: Resolving deltas: 100% (3/3), done.
remote: error: GH013: Repository rule violations found for refs/heads/master.
remote:
remote: - GITHUB PUSH PROTECTION
remote:   —————————————————————————————————————————
remote:     Resolve the following violations before pushing again
remote:
remote:     - Push cannot contain secrets
remote:
remote:
remote:      (?) Learn how to resolve a blocked push
remote:      https://docs.github.com/code-security/secret-scanning/pushing-a-branch-blocked-by-push-protection
remote:
remote:
remote:       —— GitHub SSH Private Key ————————————————————————————
remote:        locations:
remote:          - commit: 8d103368cf040d70bb0c00a02cf78232e2c873c3
remote:            path: .ssh/id_rsa:1
remote:
remote:        (?) To push, remove secret from commit(s) or follow this URL to allow the secret.
remote:        https://github.com/vukanti/star/security/secret-scanning/unblock-secret/2hKpTYAtBZZAJp8wU4PXIphOFRW
remote:
remote:
remote:
To https://github.com/vukanti/star.git
 ! [remote rejected] master -> master (push declined due to repository rule violations)
error: failed to push some refs to 'https://github.com/vukanti/star.git'
sahana@LAPTOP-CPLAJ9FT:~$




























































































































































































































































































































git status
ls
cd     ┌──────────────────────────────────────────────────────────────────────┐
To run a command as administrator (user "root"), use "sudo <command>".
See "man sudo_root" for details.
Welcome to Ubuntu 22.04.2 LTS (GNU/Linux 5.15.146.1-microsoft-standard-WSL2 x86_64)
This message is shown once a day. To disable it please create the
/home/sahana/.hushlogin file.
sahana@LAPTOP-CPLAJ9FT:~$ git status
On branch master
Changes not staged for commit:
Untracked files:
no changes added to commit (use "git add" and/or "git commit -a")
sahana@LAPTOP-CPLAJ9FT:~$ ls
FETCH_HEAD  class1.yml  demo.yml  sample1234  star
sahana@LAPTOP-CPLAJ9FT:~$ cd
